---
source: src/lir/tests.rs
expression: lir_text(src)
---
unit mem:main {
  type Node = struct {           // was a struct; size 4, align 4
    v: i32                    // +0
  }

  internal func build() -> *Node  // _NC5build
    let _0: *Node
    let _1: *Node
    let p_2: *Node
  bb0:                    // entry
    _0 := $new()
      @safepoint { live: [] }
    _1 := _0
    p_2 := _1
    p_2.*.v = 1
    return p_2
}
