---
source: src/lir/tests.rs
expression: lir_text(src)
---
unit mem:main {

  internal func both(n_0: i32, c_1: bool) -> i32  // _NC4both
    let _2: i32
    let _3: i32
    let a_4: i32
    let _5: bool
    let _6: bool
    let b_7: bool
  bb0:                    // entry
    _2 := call id.<i32>(n_0)
    _3 := _2
    a_4 := _3
    _5 := call id.<bool>(c_1)
    _6 := _5
    b_7 := _6
    switch.bool b_7 { 1 => bb1, _ => bb2 }
  bb1:                    // then
    return a_4
  bb2:                    // else
    goto bb3
  bb3:                    // join
    return 0

  internal func id.<i32>(x_0: i32) -> i32  // _NC2idIi32E
  bb0:                    // entry
    return x_0

  internal func id.<bool>(x_0: bool) -> bool  // _NC2idIbE
  bb0:                    // entry
    return x_0
}
