---
source: src/lir/tests.rs
expression: lir_text(src)
---
unit mem:main {

  internal func start(m_0: func() -> i32, argc_1: i32, argv_2: u64) -> i32  // _NC5start
    let _3: i32
  bb0:                    // entry
    _3 := call (m_0)()
    return _3

  internal func main() -> void  // _NC4main
  bb0:                    // entry
    return

  declare extern("c") func nest_init() -> void @public  // nest_init

  internal func entry.status() -> i32  // _NEstatus
  bb0:                    // status
    call main()
    return 0

  extern("c") func entry(_0: i32, _1: u64) -> i32 @public  // main
    let _2: i32
  bb0:                    // entry point
    call nest_init()
    _2 := call start(&entry.status, _0, _1)
    return _2
}
