---
source: src/lir/tests.rs
expression: lir_text(src)
---
type []i32 = struct {           // was a slice; size 16, align 8
  ptr: *i32                    // +0
  len: u64                    // +8
}
type (i32, bool) = struct {           // was a tuple; size 8, align 4
  0: i32                    // +0
  1: bool                    // +4
}
type core.Location = struct {           // was a struct; size 24, align 8
  file: []u8                    // +0
  line: u32                    // +16
  column: u32                    // +20
}
type []u8 = struct {           // was a slice; size 16, align 8
  ptr: *u8                    // +0
  len: u64                    // +8
}
type Point = struct {           // was a struct; size 8, align 4
  x: i32                    // +0
  y: i32                    // +4
}
type (u64, bool) = struct {           // was a tuple; size 16, align 8
  0: u64                    // +0
  1: bool                    // +8
}

func letter(c_0: char) -> i32  // _NC6letter
  let _1: i32
  let _2: bool
  let _3: bool
  let _4: bool
bb0:                    // entry
  _2 := c_0 == 'a'
  switch _2 { 1 => bb7, _ => bb6 }
bb1:                    // join
  return _1
bb2:                    // arm 'a'
  _1 := 1
  goto bb1
bb3:                    // arm pattern
  _1 := 2
  goto bb1
bb4:                    // arm _
  _1 := 0
  goto bb1
bb5:                    // unreachable
  unreachable
bb6:
  goto bb10
bb7:
  goto bb2
bb8:
  goto bb4
bb9:
  goto bb3
bb10:
  _3 := c_0 == 'b'
  switch _3 { 1 => bb12, _ => bb11 }
bb11:
  _4 := c_0 == 'c'
  switch _4 { 1 => bb13, _ => bb8 }
bb12:
  goto bb9
bb13:
  goto bb9

func scale(f_0: f64) -> i32  // _NC5scale
  let _1: i32
  let _2: bool
  let _3: bool
bb0:                    // entry
  _2 := f_0 == 0.0
  switch _2 { 1 => bb7, _ => bb6 }
bb1:                    // join
  return _1
bb2:                    // arm 0.0
  _1 := 0
  goto bb1
bb3:                    // arm 1.5
  _1 := 1
  goto bb1
bb4:                    // arm _
  _1 := 2
  goto bb1
bb5:                    // unreachable
  unreachable
bb6:
  _3 := f_0 == 1.5
  switch _3 { 1 => bb9, _ => bb8 }
bb7:
  goto bb2
bb8:
  goto bb4
bb9:
  goto bb3

func flag(b_0: bool) -> i32  // _NC4flag
  let _1: i32
  let _2: bool
  let _3: bool
bb0:                    // entry
  _2 := b_0 == true
  switch _2 { 1 => bb6, _ => bb5 }
bb1:                    // join
  return _1
bb2:                    // arm true
  _1 := 1
  goto bb1
bb3:                    // arm false
  _1 := 0
  goto bb1
bb4:                    // unreachable
  unreachable
bb5:
  _3 := b_0 == false
  switch _3 { 1 => bb7, _ => bb4 }
bb6:
  goto bb2
bb7:
  goto bb3

func ends(xs_0: []i32) -> i32  // _NC4ends
  let _1: i32
  let _2: bool
  let _3: bool
  let _4: *i32
  let only_5: i32
  let _6: bool
  let _7: *i32
  let first_8: i32
  let _9: u64
  let _10: *i32
  let last_11: i32
  let _12: (i32, bool)
  let _13: core.Location
bb0:                    // entry
  _2 := xs_0.len == 0
  switch _2 { 1 => bb7, _ => bb6 }
bb1:                    // join
  return _1
bb2:                    // arm pattern
  _1 := 0
  goto bb1
bb3:                    // arm pattern
  _1 := only_5
  goto bb1
bb4:                    // arm pattern
  _12 := checked_add(first_8, last_11)
  switch _12.1 { 1 => bb11, _ => bb12 }
bb5:                    // unreachable
  unreachable
bb6:
  _3 := xs_0.len == 1
  switch _3 { 1 => bb9, _ => bb8 }
bb7:
  goto bb2
bb8:
  _6 := xs_0.len >= 2
  switch _6 { 1 => bb10, _ => bb5 }
bb9:
  _4 := xs_0.ptr + 0 * 4
  only_5 := _4.*
  goto bb3
bb10:
  _7 := xs_0.ptr + 0 * 4
  first_8 := _7.*
  _9 := sub(xs_0.len, 1)
  _10 := xs_0.ptr + _9 * 4
  last_11 := _10.*
  goto bb4
bb11:                    // overflow
  _13 := Location("mem:main", 26, 26)
  call core.panic("integer overflow", _13)
    @safepoint { live: [_13]
      _13 := reloc _13
    }
  unreachable
bb12:
  _1 := _12.0
  goto bb1

func corner(p_0: Point) -> i32  // _NC6corner
  let _1: i32
  let _2: bool
  let _3: bool
  let x_4: i32
  let _5: bool
  let y_6: i32
bb0:                    // entry
  _2 := p_0.x == 0
  switch _2 { 1 => bb7, _ => bb6 }
bb1:                    // join
  return _1
bb2:                    // arm pattern
  _1 := 0
  goto bb1
bb3:                    // arm pattern
  _1 := x_4
  goto bb1
bb4:                    // arm pattern
  _1 := y_6
  goto bb1
bb5:                    // unreachable
  unreachable
bb6:
  x_4 := p_0.x
  _5 := p_0.y == 0
  switch _5 { 1 => bb10, _ => bb9 }
bb7:
  _3 := p_0.y == 0
  switch _3 { 1 => bb8, _ => bb6 }
bb8:
  goto bb2
bb9:
  y_6 := p_0.y
  goto bb4
bb10:
  goto bb3
