---
source: src/lir/tests.rs
expression: lir_text(src)
---
unit mem:main {
  type []u8 = struct {           // was a slice; size 16, align 8
    ptr: *u8                    // +0
    len: u64                    // +8
  }
  private const const.str.2: [3]u8 = b"yes"  // _NK2
  private const const.str.3: [2]u8 = b"no"  // _NK3

  func kind(s_0: []u8) -> i32  // _NC4kind
    let _1: i32
    let _2: []u8
    let _3: bool
    let _4: []u8
    let _5: bool
  bb0:                    // entry
    _2 := []u8(&const.str.2, 3)
    _3 := call core.slice.bytes_eq(s_0, _2)
      @safepoint { live: [s_0, _2]
        s_0 := reloc s_0
        _2 := reloc _2
      }
    switch.bool _3 { 1 => bb7, _ => bb6 }
  bb1:                    // join
    return _1
  bb2:                    // arm "yes"
    _1 := 1
    goto bb1
  bb3:                    // arm "no"
    _1 := 0
    goto bb1
  bb4:                    // arm _
    _1 := -1
    goto bb1
  bb5:                    // unreachable
    unreachable
  bb6:
    _4 := []u8(&const.str.3, 2)
    _5 := call core.slice.bytes_eq(s_0, _4)
      @safepoint { live: [s_0, _4]
        s_0 := reloc s_0
        _4 := reloc _4
      }
    switch.bool _5 { 1 => bb9, _ => bb8 }
  bb7:
    goto bb2
  bb8:
    goto bb4
  bb9:
    goto bb3

  func same(a_0: []u8, b_1: []u8) -> bool  // _NC4same
    let _2: bool
  bb0:                    // entry
    _2 := call core.str.<impl str>.<as core.cmp.Eq>.eq(a_0, b_1)
      @safepoint { live: [a_0, b_1]
        a_0 := reloc a_0
        b_1 := reloc b_1
      }
    return _2

  declare func core.slice.bytes_eq(a_0: []u8, b_1: []u8) -> bool @public  // _NC4core5slice8bytes_eq

  declare func core.str.<impl str>.<as core.cmp.Eq>.eq(self_0: []u8, rhs_1: []u8) -> bool  // _NC4core3strMN4core3str3strIEXN4core3cmp2EqIE2eq
}
