---
source: src/lir/tests.rs
expression: out
---
unit mem:main {
  type shapes.Point = struct {           // was a struct; size 8, align 4
    x: i32                    // +0
    y: i32                    // +4
  }

  func main() -> void @public  // _NC4main
    let _0: shapes.Point
    let _1: shapes.Point
    let _2: shapes.Point
    let q_3: shapes.Point
  bb0:                    // entry
    _0 := shapes.Point(1, 2)
    _1 := call shapes.scale(_0, 3)
    _2 := _1
    q_3 := _2
    return

  declare func shapes.scale(p_0: shapes.Point, k_1: i32) -> shapes.Point @public  // _NC6shapes5scale

  declare extern("c") func nest_init() -> void @public  // nest_init

  extern("c") func entry(_0: i32, _1: u64) -> i32 @public  // main
  bb0:                    // entry point
    call nest_init()
    call main()
    return 0
}

unit mem:shapes {
  type shapes.Point = struct {           // was a struct; size 8, align 4
    x: i32                    // +0
    y: i32                    // +4
  }

  func shapes.scale(p_0: shapes.Point, k_1: i32) -> shapes.Point @public  // _NC6shapes5scale
    let _2: i32
    let _3: i32
    let _4: shapes.Point
  bb0:                    // entry
    _2 := mul.i32 p_0.x, k_1
    _3 := mul.i32 p_0.y, k_1
    _4 := shapes.Point(_2, _3)
    return _4
}
