---
source: src/lir/tests.rs
expression: lir_text(src)
---
unit mem:main {
  type core.types.option.Option.<i32> = struct {           // was a enum; size 8, align 4
    tag: u8                    // +0
    payload: [4]u8                    // +4
  }
    // tag 0 => .some as core.types.option.Option.<i32>.some(0: i32 +0)
    // tag 1 => .none as core.types.option.Option.<i32>.none
  type core.types.option.Option.<i32>.some = struct {           // was a variant of core.types.option.Option.<i32>; size 4, align 4
    0: i32                    // +0
  }
  type core.types.option.Option.<i32>.none = struct {           // was a variant of core.types.option.Option.<i32>; size 0, align 1
  }

  internal func pick(o_0: core.types.option.Option.<i32>) -> i32  // _NC4pick
    let _1: i32
    let _2: u8
    let x_3: i32
    let _4: bool
    let y_5: i32
  bb0:                    // entry
    _2 := o_0.tag
    switch.u8 _2 { 0 => bb7, 1 => bb10, _ => bb5 }
  bb1:                    // join
    return _1
  bb2:                    // arm .some
    _1 := x_3
    goto bb1
  bb3:                    // arm .some
    _1 := y_5
    goto bb1
  bb4:                    // arm .none
    _1 := 0
    goto bb1
  bb5:                    // no variant matched
    unreachable
  bb6:                    // unreachable
    unreachable
  bb7:                    // .some
    x_3 := (o_0.payload as core.types.option.Option.<i32>.some).0
    _4 := gt.i32 x_3, 0
    switch.bool _4 { 1 => bb9, _ => bb8 }
  bb8:
    y_5 := (o_0.payload as core.types.option.Option.<i32>.some).0
    goto bb3
  bb9:
    goto bb2
  bb10:                    // .none
    goto bb4
}
