---
source: src/lir/tests.rs
expression: lir_text(src)
---
unit mem:main {
  type Dog = struct {           // was a struct; size 4, align 4
    n: i32                    // +0
  }
  type vtable.Speak = struct {           // was a vtable for Speak; size 8, align 8
    say: func(*void) -> i32                    // +0
  }
  type *dyn Speak = struct {           // was a dyn Speak; size 16, align 8
    data: *void                    // +0
    vtable: *vtable.Speak                    // +8
  }
  private const vtable.Speak.for.Dog: vtable.Speak = { &Dog.<as Speak>.say }  // _NVN5SpeakIEN3DogIE

  func heard(d_0: *Dog) -> i32  // _NC5heard
    let _1: *dyn Speak
    let _2: *dyn Speak
    let s_3: *dyn Speak
    let _4: func(*void) -> i32
    let _5: i32
  bb0:                    // entry
    _1 := *dyn Speak(d_0, &vtable.Speak.for.Dog)
    _2 := _1
    s_3 := _2
    _4 := s_3.vtable.*.say
    _5 := call (_4)(s_3.data)
      @safepoint { live: [s_3]
        s_3 := reloc s_3
      }
    return _5

  func Dog.<as Speak>.say(self_0: *Dog) -> i32  // _NC3DogXN5SpeakIE3say
  bb0:                    // entry
    return self_0.*.n
}
