---
source: src/lir/tests.rs
expression: lir_text(src)
---
unit mem:main {

  declare extern("c") func puts(s_0: *u8) -> i32  // puts

  func shout(s_0: *u8) -> i32  // _NC5shout
    let _1: i32
  bb0:                    // entry
    _1 := call puts(s_0)
      @safepoint { live: [s_0]
        s_0 := reloc s_0
      }
    return _1
}
