---
source: src/lir/tests.rs
expression: lir_text(src)
---
unit mem:main {
  type []i32 = struct {           // was a slice; size 16, align 8
    ptr: *i32                    // +0
    len: u64                    // +8
  }

  func raw(s_0: []i32, k_1: u64, d_2: i32) -> i32 #unsafe  // _NC3raw
    let _3: *[]i32
    let _4: *i32
    let _5: i32
  bb0:                    // entry
    _3 := &s_0
    _4 := _3.*.ptr + k_1 * 4
    _5 := div.i32 _4.*, d_2
    return _5
}
