---
source: src/lir/tests.rs
expression: lir_text(src)
---
unit mem:main {
  type []i32 = struct {           // was a slice; size 16, align 8
    ptr: *i32                    // +0
    len: u64                    // +8
  }
  type []u8 = struct {           // was a slice; size 16, align 8
    ptr: *u8                    // +0
    len: u64                    // +8
  }
  type core.Location = struct {           // was a struct; size 24, align 8
    file: []u8                    // +0
    line: u32                    // +16
    column: u32                    // +20
  }
  private const const.str.0: [16]u8 = b"integer overflow"  // _NK0
  private const const.str.1: [8]u8 = b"mem:main"  // _NK1

  func raw(s_0: []i32, k_1: u64, d_2: i32) -> i32 #unsafe  // _NC3raw
    let _3: *[]i32
    let _4: *i32
    let _5: bool
    let _6: bool
    let _7: bool
    let _8: []u8
    let _9: []u8
    let _10: core.Location
    let _11: i32
  bb0:                    // entry
    _3 := &s_0
    _4 := _3.*.ptr + k_1 * 4
    _5 := eq.i32 _4.*, -2147483648
    _6 := eq.i32 d_2, -1
    _7 := bit_and.bool _5, _6
    switch.bool _7 { 1 => bb1, _ => bb2 }
  bb1:                    // integer overflow
    _8 := []u8(&const.str.0, 16)
    _9 := []u8(&const.str.1, 8)
    _10 := core.Location(_9, 1, 66)
    call core.panic(_8, _10)
      @safepoint { live: [_8, _10]
        _8 := reloc _8
        _10 := reloc _10
      }
    unreachable
  bb2:
    _11 := div.i32 _4.*, d_2
    return _11

  declare func core.panic(msg_0: []u8, loc_1: core.Location) -> never @public  // _NC4core5panic
}
