---
source: src/lir/tests.rs
expression: lir_text(src)
---
unit mem:main {
  type []u8 = struct {           // was a slice; size 16, align 8
    ptr: *u8                    // +0
    len: u64                    // +8
  }
  type core.loc.Location = struct {           // was a struct; size 24, align 8
    file: []u8                    // +0
    line: u32                    // +16
    column: u32                    // +20
  }
  type (i32, bool) = struct {           // was a tuple; size 8, align 4
    0: i32                    // +0
    1: bool                    // +4
  }
  private const const.str.1: [16]u8 = b"integer overflow"  // _NK1
  private const const.str.2: [8]u8 = b"mem:main"  // _NK2

  func cleanup() -> void  // _NC7cleanup
  bb0:                    // entry
    return

  func scan(n_0: i32) -> i32  // _NC4scan
    let _1: i32
    let i_2: i32
    let _3: bool
    let _4: bool
    let _5: (i32, bool)
    let _6: []u8
    let _7: []u8
    let _8: core.loc.Location
    let _9: bool
    let _10: bool
    let _11: bool
    let _12: i32
  bb0:                    // entry
    _1 := 0
    i_2 := _1
    goto bb1
  bb1:                    // loop
    _3 := lt.i32 i_2, n_0
    _4 := not.bool _3
    switch.bool _4 { 1 => bb3, _ => bb4 }
  bb2:                    // loop exit
    return i_2
  bb3:                    // then
    goto bb2
  bb4:                    // else
    goto bb5
  bb5:                    // join
    _5 := add_checked.i32 i_2, 1
    switch.bool _5.1 { 1 => bb6, _ => bb7 }
  bb6:                    // overflow
    _6 := []u8(&const.str.1, 16)
    _7 := []u8(&const.str.2, 8)
    _8 := core.loc.Location(_7, 6, 9)
    call core.fail.panic(_6, _8)
      @safepoint { live: [_6, _8]
        _6 := reloc _6
        _8 := reloc _8
      }
    unreachable
  bb7:
    i_2 := _5.0
    _9 := eq.i32 i_2, 2
    switch.bool _9 { 1 => bb8, _ => bb9 }
  bb8:                    // then
    goto bb11
  bb9:                    // else
    goto bb10
  bb10:                    // join
    _10 := eq.i32 i_2, 3
    switch.bool _10 { 1 => bb12, _ => bb13 }
  bb11:                    // cleanup 1 (continue)
    call cleanup()
      @safepoint { live: [] }
    goto bb1
      @safepoint { live: [] }
  bb12:                    // then
    goto bb15
  bb13:                    // else
    goto bb14
  bb14:                    // join
    _11 := eq.i32 i_2, 4
    switch.bool _11 { 1 => bb16, _ => bb17 }
  bb15:                    // cleanup 1 (break)
    call cleanup()
      @safepoint { live: [] }
    goto bb2
  bb16:                    // then
    _12 := 4
    goto bb20
  bb17:                    // else
    goto bb18
  bb18:                    // join
    call cleanup()
      @safepoint { live: [] }
    goto bb1
      @safepoint { live: [] }
  bb19:                    // return
    return _12
  bb20:                    // cleanup 1 (return)
    call cleanup()
      @safepoint { live: [] }
    goto bb19

  declare func core.fail.panic(msg_0: []u8, loc_1: core.loc.Location) -> never @public  // _NC4core4fail5panic
}
