---
source: src/lir/tests.rs
expression: lir_text(src)
---
unit mem:main {

  func conv(n_0: i32, u_1: u32, f_2: f64) -> u8  // _NC4conv
    let _3: i64
    let _4: i64
    let wide_5: i64
    let _6: i64
    let _7: i64
    let wide_unsigned_8: i64
    let _9: u8
    let _10: u8
    let narrow_11: u8
    let _12: f32
    let _13: f32
    let single_14: f32
    let _15: u32
    let _16: u32
    let same_width_17: u32
    let _18: i32
    let _19: i32
    let rounded_20: i32
    let _21: f64
    let _22: f64
    let widened_23: f64
    let _24: u32
    let _25: u32
    let bits_26: u32
    let _27: u16
    let folded_28: u16
  bb0:                    // entry
    _3 := cast.sext n_0 : i32 -> i64
    _4 := _3
    wide_5 := _4
    _6 := cast.zext u_1 : u32 -> i64
    _7 := _6
    wide_unsigned_8 := _7
    _9 := cast.trunc wide_5 : i64 -> u8
    _10 := _9
    narrow_11 := _10
    _12 := cast.fptrunc f_2 : f64 -> f32
    _13 := _12
    single_14 := _13
    _15 := cast.reinterpret n_0 : i32 -> u32
    _16 := _15
    same_width_17 := _16
    _18 := cast.fptosi f_2 : f64 -> i32
    _19 := _18
    rounded_20 := _19
    _21 := cast.uitofp u_1 : u32 -> f64
    _22 := _21
    widened_23 := _22
    _24 := $transmute(n_0)
    _25 := _24
    bits_26 := _25
    _27 := 7
    folded_28 := _27
    return narrow_11
}
