---
source: src/sema/tests.rs
expression: "ir_text(\"P :: struct { x: i32 }\\nimpl P {\\n  get :: func (self: *P) -> i32 { return self.x }\\n}\\nuse_m :: func (p: *P) -> i32 { return p.get() }\\n\")"
---
struct P {
  x: i32
}  // size 4, align 4
func use_m(p: *P) -> i32 {
  return (P.get: func(*P) -> i32)(p: *P): i32
}
func get(self: *P) -> i32 #self(*) {
  return ((self: *P.*): P.x): i32
}
