---
source: src/sema/tests.rs
expression: lir_text(src)
---
type (i32, bool) = struct {           // was a tuple; size 8, align 4
  0: i32                    // +0
  1: bool                    // +4
}
type core.str = struct {           // was a distinct; size 16, align 8
  0: []u8                    // +0
}
type []u8 = struct {           // was a slice; size 16, align 8
  ptr: *u8                    // +0
  len: u64                    // +8
}

func add(a_0: i32, b_1: i32) -> i32  // _NC3add
  let _2: (i32, bool)
  let _3: never
bb0:                    // entry
  _2 := checked_add(a_0, b_1)
  switch _2.overflowed { 1 => bb1, _ => bb2 }
bb1:                    // overflow
  _3 := $panic("integer overflow")
  unreachable
bb2:
  return _2.0
