---
source: src/sema/tests.rs
expression: lir_text(src)
---
type []i32 = struct {           // was a slice; size 16, align 8
  ptr: *i32                    // +0
  len: u64                    // +8
}
type usize = struct {           // was a distinct; size 8, align 8
  0: u64                    // +0
}
type core.Location = struct {           // was a struct; size 24, align 8
  file: core.str                    // +0
  line: u32                    // +16
  column: u32                    // +20
}
type core.str = struct {           // was a distinct; size 16, align 8
  0: []u8                    // +0
}
type []u8 = struct {           // was a slice; size 16, align 8
  ptr: *u8                    // +0
  len: u64                    // +8
}
type (i32, bool) = struct {           // was a tuple; size 8, align 4
  0: i32                    // +0
  1: bool                    // +4
}
type (usize, bool) = struct {           // was a tuple; size 16, align 8
  0: usize                    // +0
  1: bool                    // +8
}

func read(s_0: []i32, a_1: [3]i32, k_2: usize) -> i32  // _NC4read
  let _3: *[]i32
  let _4: bool
  let _5: core.Location
  let _6: *i32
  let _7: *[3]i32
  let _8: bool
  let _9: core.Location
  let _10: *i32
  let _11: (i32, bool)
  let _12: core.Location
bb0:                    // entry
  _3 := &s_0
  _4 := k_2 < _3.*.len
  switch _4 { 1 => bb2, _ => bb1 }
bb1:                    // out of bounds
  _5 := Location("mem:main", 1, 62)
  call core.panic("index out of bounds", _5)
    @safepoint { live: [_5]
      _5 := reloc _5
    }
  unreachable
bb2:
  _6 := _3.*.ptr + k_2 * stride(i32)
  _7 := &a_1
  _8 := k_2 < 3
  switch _8 { 1 => bb4, _ => bb3 }
bb3:                    // out of bounds
  _9 := Location("mem:main", 1, 69)
  call core.panic("index out of bounds", _9)
    @safepoint { live: [_9]
      _9 := reloc _9
    }
  unreachable
bb4:
  _10 := &_7.*[k_2]
  _11 := checked_add(_6.*, _10.*)
  switch _11.overflowed { 1 => bb5, _ => bb6 }
bb5:                    // overflow
  _12 := Location("mem:main", 1, 62)
  call core.panic("integer overflow", _12)
    @safepoint { live: [_12]
      _12 := reloc _12
    }
  unreachable
bb6:
  return _11.0
