---
source: src/sema/tests.rs
expression: lir_text(src)
---
type core.Option.<i32> = struct {           // was a enum; size 8, align 4
  tag: u8                    // +0
  payload: [4]u8                    // +4
}
  // tag 0 => .some(0: i32 +0)
  // tag 1 => .none
type core.str = struct {           // was a distinct; size 16, align 8
  0: []u8                    // +0
}
type []u8 = struct {           // was a slice; size 16, align 8
  ptr: *u8                    // +0
  len: u64                    // +8
}

func pick(o_0: core.Option.<i32>) -> i32  // _NC4pick
  let _1: i32
  let _2: u8
  let x_3: i32
  let _4: i32
  let _5: bool
  let y_6: i32
  let _7: i32
bb0:                    // entry
  _2 := discriminant(o_0)
  switch _2 { 0 => bb7, 1 => bb10, _ => bb5 }
bb1:                    // join
  return _1
bb2:                    // arm .some
  _1 := x_3
  goto bb1
bb3:                    // arm .some
  _1 := y_6
  goto bb1
bb4:                    // arm .none
  _7 := cast 0 : comptime_int -> i32
  _1 := _7
  goto bb1
bb5:                    // no variant matched
  unreachable
bb6:                    // unreachable
  unreachable
bb7:                    // .some
  x_3 := (o_0 as some).0
  _4 := cast 0 : comptime_int -> i32
  _5 := x_3 > _4
  switch _5 { 1 => bb9, _ => bb8 }
bb8:
  y_6 := (o_0 as some).0
  goto bb3
bb9:
  goto bb2
bb10:                    // .none
  goto bb4
