---
source: src/sema/tests.rs
expression: "ir_text(\"bits :: func (a: i32, b: i32) -> i32 {\\n  let an := a & b\\n  let orr := a | b\\n  let xr := a ^ b\\n  let sl := a << b\\n  let sr := a >> b\\n  return an\\n}\\n\")"
---
func bits(a: i32, b: i32) -> i32 {
  let an: i32 = (a: i32 BitAnd b: i32): i32
  let orr: i32 = (a: i32 BitOr b: i32): i32
  let xr: i32 = (a: i32 BitXor b: i32): i32
  let sl: i32 = (a: i32 Shl b: i32): i32
  let sr: i32 = (a: i32 Shr b: i32): i32
  return an: i32
}
