---
source: src/sema/tests.rs
expression: lir_text(src)
---
type Dog = struct {           // was a struct; size 4, align 4
  n: i32                    // +0
}
type *dyn Speak = struct {           // was a dyn; size 16, align 8
  data: *void                    // +0
  vtable: *void                    // +8
}
type []u8 = struct {           // was a slice; size 16, align 8
  ptr: *u8                    // +0
  len: u64                    // +8
}
type usize = struct {           // was a distinct; size 8, align 8
  0: u64                    // +0
}
type core.Location = struct {           // was a struct; size 24, align 8
  file: core.str                    // +0
  line: u32                    // +16
  column: u32                    // +20
}
type core.str = struct {           // was a distinct; size 16, align 8
  0: []u8                    // +0
}
type (usize, bool) = struct {           // was a tuple; size 16, align 8
  0: usize                    // +0
  1: bool                    // +8
}
vtable _NVN5SpeakIEN3DogIE for Dog as Speak {
  [0] say = _NC3DogXN5SpeakIE3say
}

func heard(d_0: *Dog) -> i32  // _NC5heard
  let _1: *dyn Speak
  let _2: *dyn Speak
  let s_3: *dyn Speak
  let _4: *void
  let _5: i32
bb0:                    // entry
  _1 := dyn(d_0, &vtable#0)
  _2 := _1
  s_3 := _2
  _4 := s_3.vtable.*.say
  _5 := call (_4)(s_3)
    @safepoint { live: [s_3, _4]
      s_3 := reloc s_3
      _4 := reloc _4
    }
  return _5

func Dog.<as Speak>.say(self_0: *Dog) -> i32  // _NC3DogXN5SpeakIE3say
bb0:                    // entry
  return self_0.*.n
