---
source: src/sema/tests.rs
expression: ir_text(src)
---
func cleanup() -> void {
}
func dist(p: *Point, n: i32) -> i32 {
  let acc: i32 = (((p: *Point.*): Point.x): i32 Add ((p: *Point.*): Point.y): i32): i32
  let i: i32 = 0: i32
  loop {
    if (Not (i: i32 Lt n: i32): bool): bool {
      break 
    }
    <if: void>
    acc: i32 = (acc: i32 Add i: i32): i32
    i: i32 = (i: i32 Add 1: i32): i32
  }
  <loop: void>
  if (acc: i32 Gt 10: i32): bool {
    (cleanup: func() -> void)(): void
    return acc: i32
  }
  <if: void>
  (cleanup: func() -> void)(): void
  tail acc: i32
}
