---
source: src/sema/tests.rs
expression: "ir_text(\"wl :: func (n: i32) -> i32 {\\n  let mut i := 0\\n  while i < n { i = i + 1 }\\n  return i\\n}\\n\")"
---
func wl(n: i32) -> i32 {
  let i: i32 = $cast(0: comptime_int): i32
  loop {
    if (Not (i: i32 Lt n: i32): bool): bool {
      break 
    }
    <if: void>
    i: i32 = #builtin(Add) (core.ops.Add.add: *func(i32, i32) -> i32)(i: i32, $cast(1: comptime_int): i32): i32
  }
  <loop: void>
  return i: i32
}
