---
source: src/sema/tests.rs
expression: "ir_text(\"br :: func (c: bool) -> i32 {\\n  if c { return 1 }\\n  let x := if c { 10 } else { 20 }\\n  return x\\n}\\n\")"
---
func br(c: bool) -> i32 {
  if c: bool {
    return 1: i32
  }
  <if: void>
  if c: bool {
    tail 10: i32
  } else {
    tail 20: i32
  }
  let x: i32 = <if: i32>
  return x: i32
}
